.\venv\scripts\python.exe : Traceback (most recent call last):
At line:1 char:1
+ .\venv\scripts\python.exe tmp\add_exp_56_v2.py 2>&1 | Out-File -FileP ...
+ ~~~~~~~~~~~~~~~~~~~~~~~~~~~~~~~~~~~~~~~~~~~~~~~~~~~
    + CategoryInfo          : NotSpecified: (Traceback (most recent call last) 
   ::String) [], RemoteException
    + FullyQualifiedErrorId : NativeCommandError
 
  File "D:\virtual-lab-backend\tmp\add_exp_56_v2.py", line 6, in <module>
    django.setup()
    ~~~~~~~~~~~~^^
  File "D:\virtual-lab-backend\venv\Lib\site-packages\django\__init__.py", 
line 19, in setup
    configure_logging(settings.LOGGING_CONFIG, settings.LOGGING)
                      ^^^^^^^^^^^^^^^^^^^^^^^
  File 
"D:\virtual-lab-backend\venv\Lib\site-packages\django\conf\__init__.py", line 
75, in __getattr__
    self._setup(name)
    ~~~~~~~~~~~^^^^^^
  File 
"D:\virtual-lab-backend\venv\Lib\site-packages\django\conf\__init__.py", line 
62, in _setup
    self._wrapped = Settings(settings_module)
                    ~~~~~~~~^^^^^^^^^^^^^^^^^
  File 
"D:\virtual-lab-backend\venv\Lib\site-packages\django\conf\__init__.py", line 
162, in __init__
    mod = importlib.import_module(self.SETTINGS_MODULE)
  File "C:\Users\icon\AppData\Local\Programs\Python\Python313\Lib\importlib\__i
nit__.py", line 88, in import_module
    return _bootstrap._gcd_import(name[level:], package, level)
           ~~~~~~~~~~~~~~~~~~~~~~^^^^^^^^^^^^^^^^^^^^^^^^^^^^^^
  File "<frozen importlib._bootstrap>", line 1387, in _gcd_import
  File "<frozen importlib._bootstrap>", line 1360, in _find_and_load
  File "<frozen importlib._bootstrap>", line 1310, in _find_and_load_unlocked
  File "<frozen importlib._bootstrap>", line 488, in _call_with_frames_removed
  File "<frozen importlib._bootstrap>", line 1387, in _gcd_import
  File "<frozen importlib._bootstrap>", line 1360, in _find_and_load
  File "<frozen importlib._bootstrap>", line 1324, in _find_and_load_unlocked
ModuleNotFoundError: No module named 'config'
